08.06.2026 13:36:58 | Info | Загружаю настройки.
08.06.2026 13:36:58 | Info | Настройки загружены
08.06.2026 13:36:59 | Info | Загружаю настройки.
08.06.2026 13:36:59 | Info | Настройки загружены
08.06.2026 13:36:59 | Info | Загружаю настройки.
08.06.2026 13:36:59 | Info | Настройки загружены
08.06.2026 13:36:59 | Info | Загружаю настройки.
08.06.2026 13:36:59 | Info | Настройки загружены
08.06.2026 13:36:59 | Info | Загружаю настройки.
08.06.2026 13:36:59 | Info | Настройки загружены
08.06.2026 13:36:59 | Info | Начинаю поиск СМО с номером счета 10045
08.06.2026 13:36:59 | Info | Электронный документ, прикрепленный к случаю '10045', не подписан, случай не отправлен.
08.06.2026 13:38:14 | Info | Загружаю настройки.
08.06.2026 13:38:14 | Info | Настройки загружены
08.06.2026 13:38:14 | Info | Загружаю настройки.
08.06.2026 13:38:14 | Info | Настройки загружены
08.06.2026 13:38:14 | Info | Загружаю настройки.
08.06.2026 13:38:14 | Info | Настройки загружены
08.06.2026 13:38:14 | Info | Загружаю настройки.
08.06.2026 13:38:14 | Info | Настройки загружены
08.06.2026 13:38:14 | Info | Загружаю настройки.
08.06.2026 13:38:14 | Info | Настройки загружены
08.06.2026 13:38:14 | Info | Начинаю поиск СМО с номером счета 10045
08.06.2026 13:38:15 | Info | Загружаю настройки.
08.06.2026 13:38:15 | Info | Настройки загружены
08.06.2026 13:38:15 | Info | Загружаю настройки.
08.06.2026 13:38:15 | Info | Настройки загружены
08.06.2026 13:38:15 | Info | Загружаю настройки.
08.06.2026 13:38:15 | Info | Настройки загружены
08.06.2026 13:38:36 | Error | PIX Ошибка при обновлении пациента:Прослушивание на http://b2b-demo.n3health.ru/emk/PixService.svc не выполняла ни одна конечная точка, которая могла бы принять сообщение. Среди прочих причин это могло быть вызвано неправильным адресом или действием SOAP. Подробнее см. в описании InnerException (если имеется).
08.06.2026 13:38:36 | Info | Загружаю данные из файла SmoSettings.xml...
08.06.2026 13:38:36 | Info | Загружаю настройки.
08.06.2026 13:38:36 | Info | Настройки загружены
08.06.2026 13:38:36 | Info | EMK Добавляю случай медицинского обслуживания для пациента ИД 6 от 19.05.2026
08.06.2026 13:38:36 | Info | Загружаю настройки.
08.06.2026 13:38:36 | Info | Настройки загружены
08.06.2026 13:38:36 | Warning | AccountId: 10045 дата случая: 19.05.2026 0:00:00 отличается от даты подписания документа: 27.05.2026 0:00:00.
08.06.2026 13:38:36 | Info | Доктор: Бунева Зоя  Диагноз: K02.0 Кариес эмали Процедуры: 1001/B01.065.007
08.06.2026 13:38:36 | Info | Возвращаю параметры по умолчанию.
08.06.2026 13:38:36 | Info | Создан СМО для пациентa с картой 62a, ИД случая: 62a-10045
08.06.2026 13:38:36 | Info | Получаю файлы из директории - C:\d4w\Documents\Данилова Раиса Дмитриевна [62a]\Дневниковые записи
08.06.2026 13:38:36 | Error | Документ 20260519_38591_198_62a_26_Бунева_З.xml не имеет идентификатора uuid. Требуется пересоздать документ
08.06.2026 13:38:36 | Info | Документы не найдены для 10045.
08.06.2026 13:38:36 | Warning | Случай медицинского обслуживания для пациента 6 от 19.05.2026 не отправлен.
08.06.2026 13:38:36 | Error | System.Exception: Документы не найдены для 10045. ---> System.Exception: Документы не найдены для 10045.
   в Emk.Services.EmkService.AddCase(PatientAccount treat, Boolean updateOnly, String path) в D:\WorkTL\iemk_n3health\Emk\Services\EmkService.cs:строка 202
   --- Конец трассировки внутреннего стека исключений ---
   в Emk.Services.EmkService.AddCase(PatientAccount treat, Boolean updateOnly, String path) в D:\WorkTL\iemk_n3health\Emk\Services\EmkService.cs:строка 207
08.06.2026 13:39:53 | Info | Загружаю настройки.
08.06.2026 13:39:53 | Info | Настройки загружены
08.06.2026 13:39:53 | Info | Загружаю настройки.
08.06.2026 13:39:53 | Info | Настройки загружены
08.06.2026 13:39:53 | Info | Загружаю настройки.
08.06.2026 13:39:53 | Info | Настройки загружены
08.06.2026 13:39:53 | Info | Загружаю настройки.
08.06.2026 13:39:53 | Info | Настройки загружены
08.06.2026 13:39:53 | Info | Загружаю настройки.
08.06.2026 13:39:53 | Info | Настройки загружены
08.06.2026 13:39:53 | Info | Начинаю поиск СМО с номером счета 10045
08.06.2026 13:39:54 | Info | Загружаю настройки.
08.06.2026 13:39:54 | Info | Настройки загружены
08.06.2026 13:39:54 | Info | Загружаю настройки.
08.06.2026 13:39:54 | Info | Настройки загружены
08.06.2026 13:39:54 | Info | Загружаю настройки.
08.06.2026 13:39:54 | Info | Настройки загружены
08.06.2026 13:42:30 | Error | PIX Ошибка при обновлении пациента:Прослушивание на http://b2b-demo.n3health.ru/emk/PixService.svc не выполняла ни одна конечная точка, которая могла бы принять сообщение. Среди прочих причин это могло быть вызвано неправильным адресом или действием SOAP. Подробнее см. в описании InnerException (если имеется).
08.06.2026 13:42:30 | Info | Загружаю данные из файла SmoSettings.xml...
08.06.2026 13:42:30 | Info | Загружаю настройки.
08.06.2026 13:42:30 | Info | Настройки загружены
08.06.2026 13:42:30 | Info | EMK Добавляю случай медицинского обслуживания для пациента ИД 6 от 19.05.2026
08.06.2026 13:42:30 | Info | Загружаю настройки.
08.06.2026 13:42:30 | Info | Настройки загружены
08.06.2026 13:42:30 | Warning | AccountId: 10045 дата случая: 19.05.2026 0:00:00 отличается от даты подписания документа: 27.05.2026 0:00:00.
08.06.2026 13:42:30 | Info | Доктор: Бунева Зоя  Диагноз: K02.0 Кариес эмали Процедуры: 1001/B01.065.007
08.06.2026 13:42:30 | Info | Возвращаю параметры по умолчанию.
08.06.2026 13:42:30 | Info | Создан СМО для пациентa с картой 62a, ИД случая: 62a-10045
08.06.2026 13:43:08 | Info | Получаю файлы из директории - C:\d4w\Documents\Данилова Раиса Дмитриевна [62a]\Дневниковые записи
08.06.2026 13:43:48 | Info | Загружаю настройки.
08.06.2026 13:43:48 | Info | Настройки загружены
08.06.2026 13:43:48 | Info | Загружаю настройки.
08.06.2026 13:43:48 | Info | Настройки загружены
08.06.2026 13:43:48 | Info | Загружаю настройки.
08.06.2026 13:43:48 | Info | Настройки загружены
08.06.2026 13:43:48 | Info | Загружаю настройки.
08.06.2026 13:43:48 | Info | Настройки загружены
08.06.2026 13:43:48 | Info | Загружаю настройки.
08.06.2026 13:43:48 | Info | Настройки загружены
08.06.2026 13:43:48 | Info | Начинаю поиск СМО с номером счета 10045
08.06.2026 13:43:48 | Info | Загружаю настройки.
08.06.2026 13:43:48 | Info | Настройки загружены
08.06.2026 13:43:48 | Info | Загружаю настройки.
08.06.2026 13:43:48 | Info | Настройки загружены
08.06.2026 13:43:48 | Info | Загружаю настройки.
08.06.2026 13:43:48 | Info | Настройки загружены
08.06.2026 13:44:04 | Info | Загружаю настройки.
08.06.2026 13:44:04 | Info | Настройки загружены
08.06.2026 13:44:04 | Info | Загружаю настройки.
08.06.2026 13:44:04 | Info | Настройки загружены
08.06.2026 13:44:04 | Info | Загружаю настройки.
08.06.2026 13:44:04 | Info | Настройки загружены
08.06.2026 13:44:04 | Info | Загружаю настройки.
08.06.2026 13:44:04 | Info | Настройки загружены
08.06.2026 13:44:04 | Info | Загружаю настройки.
08.06.2026 13:44:04 | Info | Настройки загружены
08.06.2026 13:44:04 | Info | Начинаю поиск СМО с номером счета 10045
08.06.2026 13:44:05 | Info | Загружаю настройки.
08.06.2026 13:44:05 | Info | Настройки загружены
08.06.2026 13:44:05 | Info | Загружаю настройки.
08.06.2026 13:44:05 | Info | Настройки загружены
08.06.2026 13:44:05 | Info | Загружаю настройки.
08.06.2026 13:44:05 | Info | Настройки загружены
08.06.2026 13:44:26 | Error | PIX Ошибка при обновлении пациента:Прослушивание на http://b2b-demo.n3health.ru/emk/PixService.svc не выполняла ни одна конечная точка, которая могла бы принять сообщение. Среди прочих причин это могло быть вызвано неправильным адресом или действием SOAP. Подробнее см. в описании InnerException (если имеется).
08.06.2026 13:44:26 | Info | Загружаю данные из файла SmoSettings.xml...
08.06.2026 13:44:26 | Info | Загружаю настройки.
08.06.2026 13:44:26 | Info | Настройки загружены
08.06.2026 13:44:26 | Info | EMK Добавляю случай медицинского обслуживания для пациента ИД 6 от 19.05.2026
08.06.2026 13:44:26 | Info | Загружаю настройки.
08.06.2026 13:44:26 | Info | Настройки загружены
08.06.2026 13:44:26 | Warning | AccountId: 10045 дата случая: 19.05.2026 0:00:00 отличается от даты подписания документа: 27.05.2026 0:00:00.
08.06.2026 13:44:26 | Info | Доктор: Бунева Зоя  Диагноз: K02.0 Кариес эмали Процедуры: 1001/B01.065.007
08.06.2026 13:44:26 | Info | Возвращаю параметры по умолчанию.
08.06.2026 13:44:26 | Info | Создан СМО для пациентa с картой 62a, ИД случая: 62a-10045
08.06.2026 13:44:57 | Info | Получаю файлы из директории - C:\d4w\Documents\Данилова Раиса Дмитриевна [62a]\Дневниковые записи
08.06.2026 13:45:11 | Info | Обрабатываю файл: 20260519_38591_198_62a_26_Бунева_З.xml
08.06.2026 13:45:11 | Info | Загружаю данные из файла SmoSettings.xml...
08.06.2026 13:45:11 | Info | Загружаю настройки.
08.06.2026 13:45:11 | Info | Настройки загружены
08.06.2026 13:45:11 | Info | Загружаю настройки.
08.06.2026 13:45:11 | Info | Настройки загружены
08.06.2026 13:45:11 | Info | Прикрепляю файл 20260519_38591_198_62a_26_Бунева_З.xml
08.06.2026 13:45:11 | Info | Добавлено документов: 2, добавлено количество процедур СМО: 1
08.06.2026 13:45:32 | Warning | Случай медицинского обслуживания для пациента 6 от 19.05.2026 не отправлен.
08.06.2026 13:45:32 | Error | System.ServiceModel.EndpointNotFoundException: Прослушивание на http://b2b-demo.n3health.ru/emk/EMKService.svc не выполняла ни одна конечная точка, которая могла бы принять сообщение. Среди прочих причин это могло быть вызвано неправильным адресом или действием SOAP. Подробнее см. в описании InnerException (если имеется). ---> System.Net.WebException: Невозможно соединиться с удаленным сервером ---> System.Net.Sockets.SocketException: Попытка установить соединение была безуспешной, т.к. от другого компьютера за требуемое время не получен нужный отклик, или было разорвано уже установленное соединение из-за неверного отклика уже подключенного компьютера 10.16.18.50:80
   в System.Net.Sockets.Socket.DoConnect(EndPoint endPointSnapshot, SocketAddress socketAddress)
   в System.Net.ServicePoint.ConnectSocketInternal(Boolean connectFailure, Socket s4, Socket s6, Socket& socket, IPAddress& address, ConnectSocketState state, IAsyncResult asyncResult, Exception& exception)
   --- Конец трассировки внутреннего стека исключений ---
   в System.Net.HttpWebRequest.GetRequestStream(TransportContext& context)
   в System.Net.HttpWebRequest.GetRequestStream()
   в System.ServiceModel.Channels.HttpOutput.WebRequestHttpOutput.GetOutputStream()
   --- Конец трассировки внутреннего стека исключений ---

Server stack trace: 
   в System.ServiceModel.Channels.HttpOutput.WebRequestHttpOutput.GetOutputStream()
   в System.ServiceModel.Channels.HttpOutput.Send(TimeSpan timeout)
   в System.ServiceModel.Channels.HttpChannelFactory`1.HttpRequestChannel.HttpChannelRequest.SendRequest(Message message, TimeSpan timeout)
   в System.ServiceModel.Channels.RequestChannel.Request(Message message, TimeSpan timeout)
   в System.ServiceModel.Dispatcher.RequestChannelBinder.Request(Message message, TimeSpan timeout)
   в System.ServiceModel.Channels.ServiceChannel.Call(String action, Boolean oneway, ProxyOperationRuntime operation, Object[] ins, Object[] outs, TimeSpan timeout)
   в System.ServiceModel.Channels.ServiceChannel.Call(String action, Boolean oneway, ProxyOperationRuntime operation, Object[] ins, Object[] outs)
   в System.ServiceModel.Channels.ServiceChannelProxy.InvokeService(IMethodCallMessage methodCall, ProxyOperationRuntime operation)
   в System.ServiceModel.Channels.ServiceChannelProxy.Invoke(IMessage message)

Exception rethrown at [0]: 
   в System.Runtime.Remoting.Proxies.RealProxy.HandleReturnMessage(IMessage reqMsg, IMessage retMsg)
   в System.Runtime.Remoting.Proxies.RealProxy.PrivateInvoke(MessageData& msgData, Int32 type)
   в Emk.EmkSvc.IEmkService.UpdateCase(String guid, CaseBase caseDto)
   в Emk.EmkSvc.EmkServiceClient.UpdateCase(String guid, CaseBase caseDto) в D:\WorkTL\iemk_n3health\Emk\Connected Services\EmkSvc\Reference.cs:строка 7377
   в Emk.Services.EmkService.AddCase(PatientAccount treat, Boolean updateOnly, String path) в D:\WorkTL\iemk_n3health\Emk\Services\EmkService.cs:строка 223
08.06.2026 13:46:52 | Info | Загружаю настройки.
08.06.2026 13:46:52 | Info | Настройки загружены
08.06.2026 13:46:52 | Info | Загружаю настройки.
08.06.2026 13:46:52 | Info | Настройки загружены
08.06.2026 13:46:52 | Info | Загружаю настройки.
08.06.2026 13:46:52 | Info | Настройки загружены
08.06.2026 13:46:52 | Info | Загружаю настройки.
08.06.2026 13:46:52 | Info | Настройки загружены
08.06.2026 13:46:52 | Info | Загружаю настройки.
08.06.2026 13:46:52 | Info | Настройки загружены
08.06.2026 13:46:52 | Info | Начинаю поиск СМО с номером счета 10045
08.06.2026 13:46:52 | Info | Загружаю настройки.
08.06.2026 13:46:52 | Info | Настройки загружены
08.06.2026 13:46:52 | Info | Загружаю настройки.
08.06.2026 13:46:52 | Info | Настройки загружены
08.06.2026 13:46:52 | Info | Загружаю настройки.
08.06.2026 13:46:52 | Info | Настройки загружены
08.06.2026 13:47:14 | Error | PIX Ошибка при обновлении пациента:Прослушивание на http://b2b-demo.n3health.ru/emk/PixService.svc не выполняла ни одна конечная точка, которая могла бы принять сообщение. Среди прочих причин это могло быть вызвано неправильным адресом или действием SOAP. Подробнее см. в описании InnerException (если имеется).
08.06.2026 13:47:14 | Info | Загружаю данные из файла SmoSettings.xml...
08.06.2026 13:47:14 | Info | Загружаю настройки.
08.06.2026 13:47:14 | Info | Настройки загружены
08.06.2026 13:47:14 | Info | EMK Добавляю случай медицинского обслуживания для пациента ИД 6 от 19.05.2026
08.06.2026 13:47:14 | Info | Загружаю настройки.
08.06.2026 13:47:14 | Info | Настройки загружены
08.06.2026 13:47:14 | Warning | AccountId: 10045 дата случая: 19.05.2026 0:00:00 отличается от даты подписания документа: 27.05.2026 0:00:00.
08.06.2026 13:47:14 | Info | Доктор: Бунева Зоя  Диагноз: K02.0 Кариес эмали Процедуры: 1001/B01.065.007
08.06.2026 13:47:14 | Info | Возвращаю параметры по умолчанию.
08.06.2026 13:47:14 | Info | Создан СМО для пациентa с картой 62a, ИД случая: 62a-10045
08.06.2026 13:47:21 | Info | Получаю файлы из директории - C:\d4w\Documents\Данилова Раиса Дмитриевна [62a]\Дневниковые записи
08.06.2026 13:47:40 | Info | Обрабатываю файл: 20260519_38591_198_62a_26_Бунева_З.xml
08.06.2026 13:47:40 | Info | Загружаю данные из файла SmoSettings.xml...
08.06.2026 13:47:40 | Info | Загружаю настройки.
08.06.2026 13:47:40 | Info | Настройки загружены
08.06.2026 13:47:40 | Info | Загружаю настройки.
08.06.2026 13:47:40 | Info | Настройки загружены
08.06.2026 13:47:41 | Info | Прикрепляю файл 20260519_38591_198_62a_26_Бунева_З.xml
08.06.2026 13:48:00 | Info | Добавлено документов: 2, добавлено количество процедур СМО: 1
