04.06.2026 6:10:19 | Info | Загружаю настройки.
04.06.2026 6:10:19 | Info | Настройки загружены
04.06.2026 6:10:19 | Info | Загружаю настройки.
04.06.2026 6:10:19 | Info | Настройки загружены
04.06.2026 6:10:19 | Info | Загружаю настройки.
04.06.2026 6:10:19 | Info | Настройки загружены
04.06.2026 6:10:19 | Info | Загружаю настройки.
04.06.2026 6:10:19 | Info | Настройки загружены
04.06.2026 6:10:19 | Info | Загружаю настройки.
04.06.2026 6:10:19 | Info | Настройки загружены
04.06.2026 6:10:19 | Info | Начинаю поиск СМО с номером счета 10045
04.06.2026 6:10:19 | Info | Электронный документ, прикрепленный к случаю '10045', не подписан, случай не отправлен.
04.06.2026 6:11:11 | Info | Загружаю настройки.
04.06.2026 6:11:11 | Info | Настройки загружены
04.06.2026 6:11:11 | Info | Загружаю настройки.
04.06.2026 6:11:11 | Info | Настройки загружены
04.06.2026 6:11:11 | Info | Загружаю настройки.
04.06.2026 6:11:11 | Info | Настройки загружены
04.06.2026 6:11:11 | Info | Загружаю настройки.
04.06.2026 6:11:11 | Info | Настройки загружены
04.06.2026 6:11:11 | Info | Загружаю настройки.
04.06.2026 6:11:11 | Info | Настройки загружены
04.06.2026 6:11:11 | Info | Начинаю поиск СМО с номером счета 10045
04.06.2026 6:11:11 | Info | Загружаю настройки.
04.06.2026 6:11:11 | Info | Настройки загружены
04.06.2026 6:11:11 | Info | Загружаю настройки.
04.06.2026 6:11:11 | Info | Настройки загружены
04.06.2026 6:11:11 | Info | Загружаю настройки.
04.06.2026 6:11:11 | Info | Настройки загружены
04.06.2026 6:11:33 | Error | PIX Ошибка при обновлении пациента:Прослушивание на http://b2b-demo.n3health.ru/emk/PixService.svc не выполняла ни одна конечная точка, которая могла бы принять сообщение. Среди прочих причин это могло быть вызвано неправильным адресом или действием SOAP. Подробнее см. в описании InnerException (если имеется).
04.06.2026 6:11:33 | Info | Загружаю данные из файла SmoSettings.xml...
04.06.2026 6:11:33 | Info | Загружаю настройки.
04.06.2026 6:11:33 | Info | Настройки загружены
04.06.2026 6:11:33 | Info | EMK Добавляю случай медицинского обслуживания для пациента ИД 6 от 19.05.2026
04.06.2026 6:11:33 | Info | Загружаю настройки.
04.06.2026 6:11:33 | Info | Настройки загружены
04.06.2026 6:11:33 | Warning | AccountId: 10045 дата случая: 19.05.2026 0:00:00 отличается от даты подписания документа: 27.05.2026 0:00:00.
04.06.2026 6:11:33 | Info | Доктор: Бунева Зоя  Диагноз: K02.0 Кариес эмали Процедуры: 1001/B01.065.007
04.06.2026 6:11:33 | Info | Возвращаю параметры по умолчанию.
04.06.2026 6:11:33 | Info | Создан СМО для пациентa с картой 62a, ИД случая: 62a-10045
04.06.2026 6:11:38 | Info | Получаю файлы из директории - C:\d4w\Documents\Данилова Раиса Дмитриевна [62a]\Дневниковые записи
04.06.2026 6:11:38 | Error | Документ 20260519_38591_198_62a_26_Бунева_З.xml не имеет идентификатора uuid. Требуется пересоздать документ
04.06.2026 6:12:41 | Info | Загружаю настройки.
04.06.2026 6:12:41 | Info | Настройки загружены
04.06.2026 6:12:42 | Info | Загружаю настройки.
04.06.2026 6:12:42 | Info | Настройки загружены
04.06.2026 6:12:42 | Info | Загружаю настройки.
04.06.2026 6:12:42 | Info | Настройки загружены
04.06.2026 6:12:42 | Info | Загружаю настройки.
04.06.2026 6:12:42 | Info | Настройки загружены
04.06.2026 6:12:42 | Info | Загружаю настройки.
04.06.2026 6:12:42 | Info | Настройки загружены
04.06.2026 6:12:42 | Info | Начинаю поиск СМО с номером счета 10045
04.06.2026 6:12:42 | Info | Загружаю настройки.
04.06.2026 6:12:42 | Info | Настройки загружены
04.06.2026 6:12:42 | Info | Загружаю настройки.
04.06.2026 6:12:42 | Info | Настройки загружены
04.06.2026 6:12:42 | Info | Загружаю настройки.
04.06.2026 6:12:42 | Info | Настройки загружены
04.06.2026 6:13:03 | Error | PIX Ошибка при обновлении пациента:Прослушивание на http://b2b-demo.n3health.ru/emk/PixService.svc не выполняла ни одна конечная точка, которая могла бы принять сообщение. Среди прочих причин это могло быть вызвано неправильным адресом или действием SOAP. Подробнее см. в описании InnerException (если имеется).
04.06.2026 6:13:03 | Info | Загружаю данные из файла SmoSettings.xml...
04.06.2026 6:13:03 | Info | Загружаю настройки.
04.06.2026 6:13:03 | Info | Настройки загружены
04.06.2026 6:13:03 | Info | EMK Добавляю случай медицинского обслуживания для пациента ИД 6 от 19.05.2026
04.06.2026 6:13:03 | Info | Загружаю настройки.
04.06.2026 6:13:03 | Info | Настройки загружены
04.06.2026 6:13:03 | Warning | AccountId: 10045 дата случая: 19.05.2026 0:00:00 отличается от даты подписания документа: 27.05.2026 0:00:00.
04.06.2026 6:13:03 | Info | Доктор: Бунева Зоя  Диагноз: K02.0 Кариес эмали Процедуры: 1001/B01.065.007
04.06.2026 6:13:03 | Info | Возвращаю параметры по умолчанию.
04.06.2026 6:13:03 | Info | Создан СМО для пациентa с картой 62a, ИД случая: 62a-10045
04.06.2026 6:13:03 | Info | Получаю файлы из директории - C:\d4w\Documents\Данилова Раиса Дмитриевна [62a]\Дневниковые записи
04.06.2026 6:13:03 | Error | Документ 20260519_38591_198_62a_26_Бунева_З.xml не имеет идентификатора uuid. Требуется пересоздать документ
04.06.2026 6:13:09 | Info | Документы не найдены для 10045.
04.06.2026 6:13:09 | Warning | Случай медицинского обслуживания для пациента 6 от 19.05.2026 не отправлен.
04.06.2026 6:13:09 | Error | System.Exception: Документы не найдены для 10045. ---> System.Exception: Документы не найдены для 10045.
   в Emk.Services.EmkService.AddCase(PatientAccount treat, Boolean updateOnly, String path) в D:\WorkTL\iemk_n3health\Emk\Services\EmkService.cs:строка 202
   --- Конец трассировки внутреннего стека исключений ---
   в Emk.Services.EmkService.AddCase(PatientAccount treat, Boolean updateOnly, String path) в D:\WorkTL\iemk_n3health\Emk\Services\EmkService.cs:строка 207
04.06.2026 6:18:03 | Info | Загружаю настройки.
04.06.2026 6:18:03 | Info | Настройки загружены
04.06.2026 6:18:03 | Info | Загружаю настройки.
04.06.2026 6:18:03 | Info | Настройки загружены
04.06.2026 6:18:03 | Info | Загружаю настройки.
04.06.2026 6:18:03 | Info | Настройки загружены
04.06.2026 6:18:03 | Info | Загружаю настройки.
04.06.2026 6:18:03 | Info | Настройки загружены
04.06.2026 6:18:03 | Info | Загружаю настройки.
04.06.2026 6:18:03 | Info | Настройки загружены
04.06.2026 6:18:04 | Info | Начинаю отправку данных по пациентам...
04.06.2026 6:18:04 | Info | Получаю пациентов и лечение с 04.06.2026 по 04.06.2026
04.06.2026 6:18:04 | Info | Получено 0
04.06.2026 6:18:04 | Info | Записей лечения не найдено.
04.06.2026 6:18:08 | Info | Начинаю отправку данных по пациентам...
04.06.2026 6:18:08 | Info | Получаю пациентов и лечение по счету № 10045
04.06.2026 6:18:08 | Info | Получено Emk.Models.PatientAccount
04.06.2026 6:18:08 | Info | -----------------
04.06.2026 6:18:08 | Info | Загружаю настройки.
04.06.2026 6:18:08 | Info | Настройки загружены
04.06.2026 6:18:08 | Info | Электронный документ, прикрепленный к случаю '10045', не подписан, случай не отправлен.
