01.06.2026 14:38:37 | Info | Загружаю настройки.
01.06.2026 14:38:37 | Info | Настройки загружены
01.06.2026 14:38:37 | Info | Загружаю настройки.
01.06.2026 14:38:37 | Info | Настройки загружены
01.06.2026 14:38:37 | Info | Загружаю настройки.
01.06.2026 14:38:37 | Info | Настройки загружены
01.06.2026 14:38:37 | Info | Загружаю настройки.
01.06.2026 14:38:37 | Info | Настройки загружены
01.06.2026 14:38:37 | Info | Загружаю настройки.
01.06.2026 14:38:37 | Info | Настройки загружены
01.06.2026 14:38:37 | Info | Начинаю отправку данных по пациентам...
01.06.2026 14:38:37 | Info | Получаю пациентов и лечение по счету № 10045
01.06.2026 14:38:37 | Info | Получено Emk.Models.PatientAccount
01.06.2026 14:38:37 | Info | -----------------
01.06.2026 14:38:37 | Info | Загружаю настройки.
01.06.2026 14:38:37 | Info | Настройки загружены
01.06.2026 14:38:37 | Info | Электронный документ, прикрепленный к случаю '10045', не подписан, случай не отправлен.
01.06.2026 14:38:58 | Info | Начинаю поиск СМО с номером счета 10045
01.06.2026 14:38:58 | Info | Электронный документ, прикрепленный к случаю '10045', не подписан, случай не отправлен.
01.06.2026 14:39:45 | Info | Начинаю поиск СМО с номером счета 10045
01.06.2026 14:40:03 | Info | Электронный документ, прикрепленный к случаю '10045', не подписан, случай не отправлен.
01.06.2026 14:40:05 | Info | Загружаю настройки.
01.06.2026 14:40:05 | Info | Настройки загружены
01.06.2026 14:40:09 | Info | Загружаю данные из файла SmoSettings.xml...
01.06.2026 14:43:24 | Info | Загружаю настройки.
01.06.2026 14:43:24 | Info | Настройки загружены
01.06.2026 14:43:25 | Info | Загружаю настройки.
01.06.2026 14:43:25 | Info | Настройки загружены
01.06.2026 14:43:25 | Info | Загружаю настройки.
01.06.2026 14:43:25 | Info | Настройки загружены
01.06.2026 14:43:25 | Info | Загружаю настройки.
01.06.2026 14:43:25 | Info | Настройки загружены
01.06.2026 14:43:25 | Info | Загружаю настройки.
01.06.2026 14:43:25 | Info | Настройки загружены
01.06.2026 14:43:27 | Info | Начинаю поиск СМО с номером счета 10045
01.06.2026 14:44:25 | Info | Загружаю настройки.
01.06.2026 14:44:25 | Info | Настройки загружены
01.06.2026 14:44:25 | Info | Загружаю настройки.
01.06.2026 14:44:25 | Info | Настройки загружены
01.06.2026 14:44:25 | Info | Загружаю настройки.
01.06.2026 14:44:25 | Info | Настройки загружены
01.06.2026 14:44:25 | Info | Загружаю настройки.
01.06.2026 14:44:25 | Info | Настройки загружены
01.06.2026 14:44:25 | Info | Загружаю настройки.
01.06.2026 14:44:25 | Info | Настройки загружены
01.06.2026 14:44:25 | Info | Начинаю поиск СМО с номером счета 10045
01.06.2026 14:44:25 | Info | Электронный документ, прикрепленный к случаю '10045', не подписан, случай не отправлен.
01.06.2026 14:44:39 | Info | Загружаю настройки.
01.06.2026 14:44:39 | Info | Настройки загружены
01.06.2026 14:44:39 | Info | Загружаю настройки.
01.06.2026 14:44:39 | Info | Настройки загружены
01.06.2026 14:44:39 | Info | Загружаю настройки.
01.06.2026 14:44:39 | Info | Настройки загружены
01.06.2026 14:44:39 | Info | Загружаю настройки.
01.06.2026 14:44:39 | Info | Настройки загружены
01.06.2026 14:44:39 | Info | Загружаю настройки.
01.06.2026 14:44:39 | Info | Настройки загружены
01.06.2026 14:44:43 | Info | Начинаю поиск СМО с номером счета 10045
01.06.2026 14:44:48 | Info | Загружаю настройки.
01.06.2026 14:44:48 | Info | Настройки загружены
01.06.2026 14:44:48 | Info | Загружаю настройки.
01.06.2026 14:44:48 | Info | Настройки загружены
01.06.2026 14:44:48 | Info | Загружаю настройки.
01.06.2026 14:44:48 | Info | Настройки загружены
01.06.2026 14:45:09 | Error | PIX Ошибка при обновлении пациента:Прослушивание на http://b2b-demo.n3health.ru/emk/PixService.svc не выполняла ни одна конечная точка, которая могла бы принять сообщение. Среди прочих причин это могло быть вызвано неправильным адресом или действием SOAP. Подробнее см. в описании InnerException (если имеется).
01.06.2026 14:45:17 | Info | Загружаю данные из файла SmoSettings.xml...
01.06.2026 14:45:17 | Info | Загружаю настройки.
01.06.2026 14:45:17 | Info | Настройки загружены
01.06.2026 14:45:19 | Info | EMK Добавляю случай медицинского обслуживания для пациента ИД 6 от 19.05.2026
01.06.2026 14:45:38 | Info | Загружаю настройки.
01.06.2026 14:45:38 | Info | Настройки загружены
01.06.2026 14:45:38 | Warning | AccountId: 10045 дата случая: 19.05.2026 0:00:00 отличается от даты подписания документа: 27.05.2026 0:00:00.
01.06.2026 14:45:38 | Info | Доктор: Бунева Зоя  Диагноз: K02.0 Кариес эмали Процедуры: 1001/B01.065.007
01.06.2026 14:45:38 | Info | Возвращаю параметры по умолчанию.
01.06.2026 14:45:38 | Info | Создан СМО для пациентa с картой 62a, ИД случая: 62a-10045
01.06.2026 14:45:44 | Info | Получаю файлы из директории - C:\d4w\Documents\Данилова Раиса Дмитриевна [62a]\Дневниковые записи
01.06.2026 14:45:44 | Error | Документ 20260519_38591_198_62a_26_Бунева_З.xml не имеет uuid.
01.06.2026 14:45:44 | Info | Обрабатываю файл: 20260519_38591_198_62a_26_Бунева_З.xml
01.06.2026 14:45:44 | Info | Загружаю данные из файла SmoSettings.xml...
01.06.2026 14:45:44 | Info | Загружаю настройки.
01.06.2026 14:45:44 | Info | Настройки загружены
01.06.2026 14:45:44 | Info | Загружаю настройки.
01.06.2026 14:45:44 | Info | Настройки загружены
01.06.2026 14:45:44 | Info | Прикрепляю файл 20260519_38591_198_62a_26_Бунева_З.xml
01.06.2026 14:46:41 | Info | Добавлено документов: 2, добавлено количество процедур СМО: 1
01.06.2026 14:47:02 | Warning | Случай медицинского обслуживания для пациента 6 от 19.05.2026 не отправлен.
01.06.2026 14:47:02 | Error | System.ServiceModel.EndpointNotFoundException: Прослушивание на http://b2b-demo.n3health.ru/emk/EMKService.svc не выполняла ни одна конечная точка, которая могла бы принять сообщение. Среди прочих причин это могло быть вызвано неправильным адресом или действием SOAP. Подробнее см. в описании InnerException (если имеется). ---> System.Net.WebException: Невозможно соединиться с удаленным сервером ---> System.Net.Sockets.SocketException: Попытка установить соединение была безуспешной, т.к. от другого компьютера за требуемое время не получен нужный отклик, или было разорвано уже установленное соединение из-за неверного отклика уже подключенного компьютера 10.16.18.50:80
   в System.Net.Sockets.Socket.DoConnect(EndPoint endPointSnapshot, SocketAddress socketAddress)
   в System.Net.ServicePoint.ConnectSocketInternal(Boolean connectFailure, Socket s4, Socket s6, Socket& socket, IPAddress& address, ConnectSocketState state, IAsyncResult asyncResult, Exception& exception)
   --- Конец трассировки внутреннего стека исключений ---
   в System.Net.HttpWebRequest.GetRequestStream(TransportContext& context)
   в System.Net.HttpWebRequest.GetRequestStream()
   в System.ServiceModel.Channels.HttpOutput.WebRequestHttpOutput.GetOutputStream()
   --- Конец трассировки внутреннего стека исключений ---

Server stack trace: 
   в System.ServiceModel.Channels.HttpOutput.WebRequestHttpOutput.GetOutputStream()
   в System.ServiceModel.Channels.HttpOutput.Send(TimeSpan timeout)
   в System.ServiceModel.Channels.HttpChannelFactory`1.HttpRequestChannel.HttpChannelRequest.SendRequest(Message message, TimeSpan timeout)
   в System.ServiceModel.Channels.RequestChannel.Request(Message message, TimeSpan timeout)
   в System.ServiceModel.Dispatcher.RequestChannelBinder.Request(Message message, TimeSpan timeout)
   в System.ServiceModel.Channels.ServiceChannel.Call(String action, Boolean oneway, ProxyOperationRuntime operation, Object[] ins, Object[] outs, TimeSpan timeout)
   в System.ServiceModel.Channels.ServiceChannel.Call(String action, Boolean oneway, ProxyOperationRuntime operation, Object[] ins, Object[] outs)
   в System.ServiceModel.Channels.ServiceChannelProxy.InvokeService(IMethodCallMessage methodCall, ProxyOperationRuntime operation)
   в System.ServiceModel.Channels.ServiceChannelProxy.Invoke(IMessage message)

Exception rethrown at [0]: 
   в System.Runtime.Remoting.Proxies.RealProxy.HandleReturnMessage(IMessage reqMsg, IMessage retMsg)
   в System.Runtime.Remoting.Proxies.RealProxy.PrivateInvoke(MessageData& msgData, Int32 type)
   в Emk.EmkSvc.IEmkService.UpdateCase(String guid, CaseBase caseDto)
   в Emk.EmkSvc.EmkServiceClient.UpdateCase(String guid, CaseBase caseDto) в D:\WorkTL\iemk_n3health\Emk\Connected Services\EmkSvc\Reference.cs:строка 7377
   в Emk.Services.EmkService.AddCase(PatientAccount treat, Boolean updateOnly, String path) в D:\WorkTL\iemk_n3health\Emk\Services\EmkService.cs:строка 223
01.06.2026 14:47:12 | Info | Начинаю поиск СМО с номером счета 10045
01.06.2026 14:47:17 | Info | Загружаю настройки.
01.06.2026 14:47:17 | Info | Настройки загружены
01.06.2026 14:47:17 | Info | Загружаю настройки.
01.06.2026 14:47:17 | Info | Настройки загружены
01.06.2026 14:47:17 | Info | Загружаю настройки.
01.06.2026 14:47:17 | Info | Настройки загружены
01.06.2026 14:47:39 | Error | PIX Ошибка при обновлении пациента:Прослушивание на http://b2b-demo.n3health.ru/emk/PixService.svc не выполняла ни одна конечная точка, которая могла бы принять сообщение. Среди прочих причин это могло быть вызвано неправильным адресом или действием SOAP. Подробнее см. в описании InnerException (если имеется).
01.06.2026 14:47:39 | Info | Загружаю данные из файла SmoSettings.xml...
01.06.2026 14:47:39 | Info | Загружаю настройки.
01.06.2026 14:47:39 | Info | Настройки загружены
01.06.2026 14:47:39 | Info | EMK Добавляю случай медицинского обслуживания для пациента ИД 6 от 19.05.2026
01.06.2026 14:47:39 | Info | Загружаю настройки.
01.06.2026 14:47:39 | Info | Настройки загружены
01.06.2026 14:47:39 | Warning | AccountId: 10045 дата случая: 19.05.2026 0:00:00 отличается от даты подписания документа: 27.05.2026 0:00:00.
01.06.2026 14:47:39 | Info | Доктор: Бунева Зоя  Диагноз: K02.0 Кариес эмали Процедуры: 1001/B01.065.007
01.06.2026 14:47:39 | Info | Возвращаю параметры по умолчанию.
01.06.2026 14:47:39 | Info | Создан СМО для пациентa с картой 62a, ИД случая: 62a-10045
01.06.2026 14:47:41 | Info | Получаю файлы из директории - C:\d4w\Documents\Данилова Раиса Дмитриевна [62a]\Дневниковые записи
01.06.2026 14:47:41 | Error | Документ 20260519_38591_198_62a_26_Бунева_З.xml не имеет uuid.
01.06.2026 14:47:41 | Info | Обрабатываю файл: 20260519_38591_198_62a_26_Бунева_З.xml
01.06.2026 14:47:41 | Info | Загружаю данные из файла SmoSettings.xml...
01.06.2026 14:47:41 | Info | Загружаю настройки.
01.06.2026 14:47:41 | Info | Настройки загружены
01.06.2026 14:47:41 | Info | Загружаю настройки.
01.06.2026 14:47:41 | Info | Настройки загружены
01.06.2026 14:47:41 | Info | Прикрепляю файл 20260519_38591_198_62a_26_Бунева_З.xml
01.06.2026 14:48:10 | Info | Загружаю настройки.
01.06.2026 14:48:10 | Info | Настройки загружены
01.06.2026 14:48:10 | Info | Загружаю настройки.
01.06.2026 14:48:10 | Info | Настройки загружены
01.06.2026 14:48:10 | Info | Загружаю настройки.
01.06.2026 14:48:10 | Info | Настройки загружены
01.06.2026 14:48:10 | Info | Загружаю настройки.
01.06.2026 14:48:10 | Info | Настройки загружены
01.06.2026 14:48:10 | Info | Загружаю настройки.
01.06.2026 14:48:10 | Info | Настройки загружены
01.06.2026 14:48:10 | Info | Начинаю поиск СМО с номером счета 10045
01.06.2026 14:48:10 | Info | Загружаю настройки.
01.06.2026 14:48:10 | Info | Настройки загружены
01.06.2026 14:48:10 | Info | Загружаю настройки.
01.06.2026 14:48:10 | Info | Настройки загружены
01.06.2026 14:48:10 | Info | Загружаю настройки.
01.06.2026 14:48:10 | Info | Настройки загружены
01.06.2026 14:48:32 | Error | PIX Ошибка при обновлении пациента:Прослушивание на http://b2b-demo.n3health.ru/emk/PixService.svc не выполняла ни одна конечная точка, которая могла бы принять сообщение. Среди прочих причин это могло быть вызвано неправильным адресом или действием SOAP. Подробнее см. в описании InnerException (если имеется).
01.06.2026 14:48:32 | Info | Загружаю данные из файла SmoSettings.xml...
01.06.2026 14:48:32 | Info | Загружаю настройки.
01.06.2026 14:48:32 | Info | Настройки загружены
01.06.2026 14:48:32 | Info | EMK Добавляю случай медицинского обслуживания для пациента ИД 6 от 19.05.2026
01.06.2026 14:48:32 | Info | Загружаю настройки.
01.06.2026 14:48:32 | Info | Настройки загружены
01.06.2026 14:48:32 | Warning | AccountId: 10045 дата случая: 19.05.2026 0:00:00 отличается от даты подписания документа: 27.05.2026 0:00:00.
01.06.2026 14:48:32 | Info | Доктор: Бунева Зоя  Диагноз: K02.0 Кариес эмали Процедуры: 1001/B01.065.007
01.06.2026 14:48:32 | Info | Возвращаю параметры по умолчанию.
01.06.2026 14:48:32 | Info | Создан СМО для пациентa с картой 62a, ИД случая: 62a-10045
01.06.2026 14:48:35 | Info | Получаю файлы из директории - C:\d4w\Documents\Данилова Раиса Дмитриевна [62a]\Дневниковые записи
01.06.2026 14:48:35 | Error | Документ 20260519_38591_198_62a_26_Бунева_З.xml не имеет uuid.
01.06.2026 14:48:35 | Info | Обрабатываю файл: 20260519_38591_198_62a_26_Бунева_З.xml
01.06.2026 14:48:35 | Info | Загружаю данные из файла SmoSettings.xml...
01.06.2026 14:48:35 | Info | Загружаю настройки.
01.06.2026 14:48:35 | Info | Настройки загружены
01.06.2026 14:48:35 | Info | Загружаю настройки.
01.06.2026 14:48:35 | Info | Настройки загружены
01.06.2026 14:48:35 | Info | Прикрепляю файл 20260519_38591_198_62a_26_Бунева_З.xml
01.06.2026 14:48:51 | Info | Добавлено документов: 2, добавлено количество процедур СМО: 1
01.06.2026 14:49:12 | Warning | Случай медицинского обслуживания для пациента 6 от 19.05.2026 не отправлен.
01.06.2026 14:49:12 | Error | System.ServiceModel.EndpointNotFoundException: Прослушивание на http://b2b-demo.n3health.ru/emk/EMKService.svc не выполняла ни одна конечная точка, которая могла бы принять сообщение. Среди прочих причин это могло быть вызвано неправильным адресом или действием SOAP. Подробнее см. в описании InnerException (если имеется). ---> System.Net.WebException: Невозможно соединиться с удаленным сервером ---> System.Net.Sockets.SocketException: Попытка установить соединение была безуспешной, т.к. от другого компьютера за требуемое время не получен нужный отклик, или было разорвано уже установленное соединение из-за неверного отклика уже подключенного компьютера 10.16.18.50:80
   в System.Net.Sockets.Socket.DoConnect(EndPoint endPointSnapshot, SocketAddress socketAddress)
   в System.Net.ServicePoint.ConnectSocketInternal(Boolean connectFailure, Socket s4, Socket s6, Socket& socket, IPAddress& address, ConnectSocketState state, IAsyncResult asyncResult, Exception& exception)
   --- Конец трассировки внутреннего стека исключений ---
   в System.Net.HttpWebRequest.GetRequestStream(TransportContext& context)
   в System.Net.HttpWebRequest.GetRequestStream()
   в System.ServiceModel.Channels.HttpOutput.WebRequestHttpOutput.GetOutputStream()
   --- Конец трассировки внутреннего стека исключений ---

Server stack trace: 
   в System.ServiceModel.Channels.HttpOutput.WebRequestHttpOutput.GetOutputStream()
   в System.ServiceModel.Channels.HttpOutput.Send(TimeSpan timeout)
   в System.ServiceModel.Channels.HttpChannelFactory`1.HttpRequestChannel.HttpChannelRequest.SendRequest(Message message, TimeSpan timeout)
   в System.ServiceModel.Channels.RequestChannel.Request(Message message, TimeSpan timeout)
   в System.ServiceModel.Dispatcher.RequestChannelBinder.Request(Message message, TimeSpan timeout)
   в System.ServiceModel.Channels.ServiceChannel.Call(String action, Boolean oneway, ProxyOperationRuntime operation, Object[] ins, Object[] outs, TimeSpan timeout)
   в System.ServiceModel.Channels.ServiceChannel.Call(String action, Boolean oneway, ProxyOperationRuntime operation, Object[] ins, Object[] outs)
   в System.ServiceModel.Channels.ServiceChannelProxy.InvokeService(IMethodCallMessage methodCall, ProxyOperationRuntime operation)
   в System.ServiceModel.Channels.ServiceChannelProxy.Invoke(IMessage message)

Exception rethrown at [0]: 
   в System.Runtime.Remoting.Proxies.RealProxy.HandleReturnMessage(IMessage reqMsg, IMessage retMsg)
   в System.Runtime.Remoting.Proxies.RealProxy.PrivateInvoke(MessageData& msgData, Int32 type)
   в Emk.EmkSvc.IEmkService.UpdateCase(String guid, CaseBase caseDto)
   в Emk.EmkSvc.EmkServiceClient.UpdateCase(String guid, CaseBase caseDto) в D:\WorkTL\iemk_n3health\Emk\Connected Services\EmkSvc\Reference.cs:строка 7377
   в Emk.Services.EmkService.AddCase(PatientAccount treat, Boolean updateOnly, String path) в D:\WorkTL\iemk_n3health\Emk\Services\EmkService.cs:строка 223
01.06.2026 14:49:16 | Info | Начинаю поиск СМО с номером счета 10045
01.06.2026 14:49:17 | Info | Загружаю настройки.
01.06.2026 14:49:17 | Info | Настройки загружены
01.06.2026 14:49:17 | Info | Загружаю настройки.
01.06.2026 14:49:17 | Info | Настройки загружены
01.06.2026 14:49:17 | Info | Загружаю настройки.
01.06.2026 14:49:17 | Info | Настройки загружены
01.06.2026 14:49:38 | Error | PIX Ошибка при обновлении пациента:Прослушивание на http://b2b-demo.n3health.ru/emk/PixService.svc не выполняла ни одна конечная точка, которая могла бы принять сообщение. Среди прочих причин это могло быть вызвано неправильным адресом или действием SOAP. Подробнее см. в описании InnerException (если имеется).
01.06.2026 14:49:38 | Info | Загружаю данные из файла SmoSettings.xml...
01.06.2026 14:49:38 | Info | Загружаю настройки.
01.06.2026 14:49:38 | Info | Настройки загружены
01.06.2026 14:49:38 | Info | EMK Добавляю случай медицинского обслуживания для пациента ИД 6 от 19.05.2026
01.06.2026 14:49:38 | Info | Загружаю настройки.
01.06.2026 14:49:38 | Info | Настройки загружены
01.06.2026 14:49:38 | Warning | AccountId: 10045 дата случая: 19.05.2026 0:00:00 отличается от даты подписания документа: 27.05.2026 0:00:00.
01.06.2026 14:49:38 | Info | Доктор: Бунева Зоя  Диагноз: K02.0 Кариес эмали Процедуры: 1001/B01.065.007
01.06.2026 14:49:38 | Info | Возвращаю параметры по умолчанию.
01.06.2026 14:49:38 | Info | Создан СМО для пациентa с картой 62a, ИД случая: 62a-10045
01.06.2026 14:49:40 | Info | Получаю файлы из директории - C:\d4w\Documents\Данилова Раиса Дмитриевна [62a]\Дневниковые записи
01.06.2026 14:50:12 | Error | Документ 20260519_38591_198_62a_26_Бунева_З.xml не имеет uuid.
01.06.2026 14:50:12 | Info | Обрабатываю файл: 20260519_38591_198_62a_26_Бунева_З.xml
01.06.2026 14:50:12 | Info | Загружаю данные из файла SmoSettings.xml...
01.06.2026 14:50:12 | Info | Загружаю настройки.
01.06.2026 14:50:12 | Info | Настройки загружены
01.06.2026 14:50:12 | Info | Загружаю настройки.
01.06.2026 14:50:12 | Info | Настройки загружены
01.06.2026 14:50:12 | Info | Прикрепляю файл 20260519_38591_198_62a_26_Бунева_З.xml
01.06.2026 14:50:21 | Info | Загружаю настройки.
01.06.2026 14:50:21 | Info | Настройки загружены
01.06.2026 14:50:21 | Info | Загружаю настройки.
01.06.2026 14:50:21 | Info | Настройки загружены
01.06.2026 14:50:21 | Info | Загружаю настройки.
01.06.2026 14:50:21 | Info | Настройки загружены
01.06.2026 14:50:21 | Info | Загружаю настройки.
01.06.2026 14:50:21 | Info | Настройки загружены
01.06.2026 14:50:21 | Info | Загружаю настройки.
01.06.2026 14:50:21 | Info | Настройки загружены
01.06.2026 14:50:21 | Info | Начинаю поиск СМО с номером счета 10045
01.06.2026 14:50:21 | Info | Загружаю настройки.
01.06.2026 14:50:21 | Info | Настройки загружены
01.06.2026 14:50:21 | Info | Загружаю настройки.
01.06.2026 14:50:21 | Info | Настройки загружены
01.06.2026 14:50:21 | Info | Загружаю настройки.
01.06.2026 14:50:21 | Info | Настройки загружены
01.06.2026 14:50:43 | Error | PIX Ошибка при обновлении пациента:Прослушивание на http://b2b-demo.n3health.ru/emk/PixService.svc не выполняла ни одна конечная точка, которая могла бы принять сообщение. Среди прочих причин это могло быть вызвано неправильным адресом или действием SOAP. Подробнее см. в описании InnerException (если имеется).
01.06.2026 14:50:43 | Info | Загружаю данные из файла SmoSettings.xml...
01.06.2026 14:50:43 | Info | Загружаю настройки.
01.06.2026 14:50:43 | Info | Настройки загружены
01.06.2026 14:50:43 | Info | EMK Добавляю случай медицинского обслуживания для пациента ИД 6 от 19.05.2026
01.06.2026 14:50:43 | Info | Загружаю настройки.
01.06.2026 14:50:43 | Info | Настройки загружены
01.06.2026 14:50:43 | Warning | AccountId: 10045 дата случая: 19.05.2026 0:00:00 отличается от даты подписания документа: 27.05.2026 0:00:00.
01.06.2026 14:50:43 | Info | Доктор: Бунева Зоя  Диагноз: K02.0 Кариес эмали Процедуры: 1001/B01.065.007
01.06.2026 14:50:43 | Info | Возвращаю параметры по умолчанию.
01.06.2026 14:50:43 | Info | Создан СМО для пациентa с картой 62a, ИД случая: 62a-10045
01.06.2026 14:50:46 | Info | Получаю файлы из директории - C:\d4w\Documents\Данилова Раиса Дмитриевна [62a]\Дневниковые записи
01.06.2026 14:52:31 | Info | Загружаю настройки.
01.06.2026 14:52:31 | Info | Настройки загружены
01.06.2026 14:52:32 | Info | Загружаю настройки.
01.06.2026 14:52:32 | Info | Настройки загружены
01.06.2026 14:52:32 | Info | Загружаю настройки.
01.06.2026 14:52:32 | Info | Настройки загружены
01.06.2026 14:52:32 | Info | Загружаю настройки.
01.06.2026 14:52:32 | Info | Настройки загружены
01.06.2026 14:52:32 | Info | Загружаю настройки.
01.06.2026 14:52:32 | Info | Настройки загружены
01.06.2026 14:52:32 | Info | Начинаю поиск СМО с номером счета 10045
01.06.2026 14:52:32 | Info | Загружаю настройки.
01.06.2026 14:52:32 | Info | Настройки загружены
01.06.2026 14:52:32 | Info | Загружаю настройки.
01.06.2026 14:52:32 | Info | Настройки загружены
01.06.2026 14:52:32 | Info | Загружаю настройки.
01.06.2026 14:52:32 | Info | Настройки загружены
01.06.2026 14:52:53 | Error | PIX Ошибка при обновлении пациента:Прослушивание на http://b2b-demo.n3health.ru/emk/PixService.svc не выполняла ни одна конечная точка, которая могла бы принять сообщение. Среди прочих причин это могло быть вызвано неправильным адресом или действием SOAP. Подробнее см. в описании InnerException (если имеется).
01.06.2026 14:52:53 | Info | Загружаю данные из файла SmoSettings.xml...
01.06.2026 14:52:53 | Info | Загружаю настройки.
01.06.2026 14:52:53 | Info | Настройки загружены
01.06.2026 14:52:53 | Info | EMK Добавляю случай медицинского обслуживания для пациента ИД 6 от 19.05.2026
01.06.2026 14:52:53 | Info | Загружаю настройки.
01.06.2026 14:52:53 | Info | Настройки загружены
01.06.2026 14:52:53 | Warning | AccountId: 10045 дата случая: 19.05.2026 0:00:00 отличается от даты подписания документа: 27.05.2026 0:00:00.
01.06.2026 14:52:54 | Info | Доктор: Бунева Зоя  Диагноз: K02.0 Кариес эмали Процедуры: 1001/B01.065.007
01.06.2026 14:52:54 | Info | Возвращаю параметры по умолчанию.
01.06.2026 14:52:54 | Info | Создан СМО для пациентa с картой 62a, ИД случая: 62a-10045
01.06.2026 14:53:02 | Info | Получаю файлы из директории - C:\d4w\Documents\Данилова Раиса Дмитриевна [62a]\Дневниковые записи
01.06.2026 14:55:54 | Warning | Случай медицинского обслуживания для пациента 6 от 19.05.2026 не отправлен.
01.06.2026 14:55:54 | Error | System.Exception: Отсутствуют данные для строки или столбца. ---> System.InvalidOperationException: Отсутствуют данные для строки или столбца.
   в System.Data.Odbc.OdbcDataReader.GetValue(Int32 i)
   в System.Data.Odbc.OdbcDataReader.get_Item(String value)
   в Emk.Repository.TreatRepository.GetDocumentByAccountId(Int32 accountId) в D:\WorkTL\iemk_n3health\Emk\Repository\TreatRepository.cs:строка 202
   в Emk.Services.DocSelector.getFileFromDB(Int32 accountId) в D:\WorkTL\iemk_n3health\Emk\Services\DocSelector.cs:строка 168
   в Emk.Services.DocSelector.GetDocs(Int32 accountId) в D:\WorkTL\iemk_n3health\Emk\Services\DocSelector.cs:строка 39
   в Emk.Services.EmkService.AddCase(PatientAccount treat, Boolean updateOnly, String path) в D:\WorkTL\iemk_n3health\Emk\Services\EmkService.cs:строка 196
   --- Конец трассировки внутреннего стека исключений ---
   в Emk.Services.EmkService.AddCase(PatientAccount treat, Boolean updateOnly, String path) в D:\WorkTL\iemk_n3health\Emk\Services\EmkService.cs:строка 207
01.06.2026 14:55:59 | Info | Начинаю поиск СМО с номером счета 10045
01.06.2026 14:55:59 | Info | Загружаю настройки.
01.06.2026 14:55:59 | Info | Настройки загружены
01.06.2026 14:55:59 | Info | Загружаю настройки.
01.06.2026 14:55:59 | Info | Настройки загружены
01.06.2026 14:55:59 | Info | Загружаю настройки.
01.06.2026 14:55:59 | Info | Настройки загружены
01.06.2026 14:56:20 | Error | PIX Ошибка при обновлении пациента:Прослушивание на http://b2b-demo.n3health.ru/emk/PixService.svc не выполняла ни одна конечная точка, которая могла бы принять сообщение. Среди прочих причин это могло быть вызвано неправильным адресом или действием SOAP. Подробнее см. в описании InnerException (если имеется).
01.06.2026 14:56:20 | Info | Загружаю данные из файла SmoSettings.xml...
01.06.2026 14:56:20 | Info | Загружаю настройки.
01.06.2026 14:56:20 | Info | Настройки загружены
01.06.2026 14:56:20 | Info | EMK Добавляю случай медицинского обслуживания для пациента ИД 6 от 19.05.2026
01.06.2026 14:56:20 | Info | Загружаю настройки.
01.06.2026 14:56:20 | Info | Настройки загружены
01.06.2026 14:56:20 | Warning | AccountId: 10045 дата случая: 19.05.2026 0:00:00 отличается от даты подписания документа: 27.05.2026 0:00:00.
01.06.2026 14:56:20 | Info | Доктор: Бунева Зоя  Диагноз: K02.0 Кариес эмали Процедуры: 1001/B01.065.007
01.06.2026 14:56:20 | Info | Возвращаю параметры по умолчанию.
01.06.2026 14:56:20 | Info | Создан СМО для пациентa с картой 62a, ИД случая: 62a-10045
01.06.2026 14:56:22 | Info | Получаю файлы из директории - C:\d4w\Documents\Данилова Раиса Дмитриевна [62a]\Дневниковые записи
01.06.2026 14:57:12 | Info | Загружаю настройки.
01.06.2026 14:57:12 | Info | Настройки загружены
01.06.2026 14:57:12 | Info | Загружаю настройки.
01.06.2026 14:57:12 | Info | Настройки загружены
01.06.2026 14:57:12 | Info | Загружаю настройки.
01.06.2026 14:57:12 | Info | Настройки загружены
01.06.2026 14:57:12 | Info | Загружаю настройки.
01.06.2026 14:57:12 | Info | Настройки загружены
01.06.2026 14:57:12 | Info | Загружаю настройки.
01.06.2026 14:57:12 | Info | Настройки загружены
01.06.2026 14:57:12 | Info | Начинаю поиск СМО с номером счета 10045
01.06.2026 14:57:13 | Info | Загружаю настройки.
01.06.2026 14:57:13 | Info | Настройки загружены
01.06.2026 14:57:13 | Info | Загружаю настройки.
01.06.2026 14:57:13 | Info | Настройки загружены
01.06.2026 14:57:13 | Info | Загружаю настройки.
01.06.2026 14:57:13 | Info | Настройки загружены
01.06.2026 14:57:34 | Error | PIX Ошибка при обновлении пациента:Прослушивание на http://b2b-demo.n3health.ru/emk/PixService.svc не выполняла ни одна конечная точка, которая могла бы принять сообщение. Среди прочих причин это могло быть вызвано неправильным адресом или действием SOAP. Подробнее см. в описании InnerException (если имеется).
01.06.2026 14:57:34 | Info | Загружаю данные из файла SmoSettings.xml...
01.06.2026 14:57:34 | Info | Загружаю настройки.
01.06.2026 14:57:34 | Info | Настройки загружены
01.06.2026 14:57:34 | Info | EMK Добавляю случай медицинского обслуживания для пациента ИД 6 от 19.05.2026
01.06.2026 14:57:34 | Info | Загружаю настройки.
01.06.2026 14:57:34 | Info | Настройки загружены
01.06.2026 14:57:34 | Warning | AccountId: 10045 дата случая: 19.05.2026 0:00:00 отличается от даты подписания документа: 27.05.2026 0:00:00.
01.06.2026 14:57:34 | Info | Доктор: Бунева Зоя  Диагноз: K02.0 Кариес эмали Процедуры: 1001/B01.065.007
01.06.2026 14:57:34 | Info | Возвращаю параметры по умолчанию.
01.06.2026 14:57:34 | Info | Создан СМО для пациентa с картой 62a, ИД случая: 62a-10045
01.06.2026 14:57:36 | Info | Получаю файлы из директории - C:\d4w\Documents\Данилова Раиса Дмитриевна [62a]\Дневниковые записи
01.06.2026 14:57:36 | Error | Документ 20260519_38591_198_62a_26_Бунева_З.xml не имеет uuid.
01.06.2026 14:57:36 | Info | Обрабатываю файл: 20260519_38591_198_62a_26_Бунева_З.xml
01.06.2026 14:57:36 | Info | Загружаю данные из файла SmoSettings.xml...
01.06.2026 14:57:36 | Info | Загружаю настройки.
01.06.2026 14:57:36 | Info | Настройки загружены
01.06.2026 14:57:36 | Info | Загружаю настройки.
01.06.2026 14:57:36 | Info | Настройки загружены
01.06.2026 14:57:36 | Info | Прикрепляю файл 20260519_38591_198_62a_26_Бунева_З.xml
01.06.2026 14:58:16 | Info | Загружаю настройки.
01.06.2026 14:58:16 | Info | Настройки загружены
01.06.2026 14:58:16 | Info | Загружаю настройки.
01.06.2026 14:58:16 | Info | Настройки загружены
01.06.2026 14:58:16 | Info | Загружаю настройки.
01.06.2026 14:58:16 | Info | Настройки загружены
01.06.2026 14:58:16 | Info | Загружаю настройки.
01.06.2026 14:58:16 | Info | Настройки загружены
01.06.2026 14:58:16 | Info | Загружаю настройки.
01.06.2026 14:58:16 | Info | Настройки загружены
01.06.2026 14:58:16 | Info | Начинаю поиск СМО с номером счета 10045
01.06.2026 14:58:17 | Info | Загружаю настройки.
01.06.2026 14:58:17 | Info | Настройки загружены
01.06.2026 14:58:17 | Info | Загружаю настройки.
01.06.2026 14:58:17 | Info | Настройки загружены
01.06.2026 14:58:17 | Info | Загружаю настройки.
01.06.2026 14:58:17 | Info | Настройки загружены
01.06.2026 14:58:38 | Error | PIX Ошибка при обновлении пациента:Прослушивание на http://b2b-demo.n3health.ru/emk/PixService.svc не выполняла ни одна конечная точка, которая могла бы принять сообщение. Среди прочих причин это могло быть вызвано неправильным адресом или действием SOAP. Подробнее см. в описании InnerException (если имеется).
01.06.2026 14:58:38 | Info | Загружаю данные из файла SmoSettings.xml...
01.06.2026 14:58:38 | Info | Загружаю настройки.
01.06.2026 14:58:38 | Info | Настройки загружены
01.06.2026 14:58:38 | Info | EMK Добавляю случай медицинского обслуживания для пациента ИД 6 от 19.05.2026
01.06.2026 14:58:38 | Info | Загружаю настройки.
01.06.2026 14:58:38 | Info | Настройки загружены
01.06.2026 14:58:38 | Warning | AccountId: 10045 дата случая: 19.05.2026 0:00:00 отличается от даты подписания документа: 27.05.2026 0:00:00.
01.06.2026 14:58:38 | Info | Доктор: Бунева Зоя  Диагноз: K02.0 Кариес эмали Процедуры: 1001/B01.065.007
01.06.2026 14:58:38 | Info | Возвращаю параметры по умолчанию.
01.06.2026 14:58:38 | Info | Создан СМО для пациентa с картой 62a, ИД случая: 62a-10045
01.06.2026 14:58:41 | Info | Получаю файлы из директории - C:\d4w\Documents\Данилова Раиса Дмитриевна [62a]\Дневниковые записи
01.06.2026 14:59:03 | Info | Обрабатываю файл: 20260519_38591_198_62a_26_Бунева_З.xml
01.06.2026 14:59:03 | Info | Загружаю данные из файла SmoSettings.xml...
01.06.2026 14:59:03 | Info | Загружаю настройки.
01.06.2026 14:59:03 | Info | Настройки загружены
01.06.2026 14:59:03 | Info | Загружаю настройки.
01.06.2026 14:59:03 | Info | Настройки загружены
01.06.2026 14:59:03 | Info | Прикрепляю файл 20260519_38591_198_62a_26_Бунева_З.xml
01.06.2026 14:59:31 | Info | Добавлено документов: 2, добавлено количество процедур СМО: 1
