24.03.2026 10:25:33 | Info | Запуск службы...
24.03.2026 10:25:33 | Info | Загружаю настройки.
24.03.2026 10:25:33 | Info | Настройки загружены
24.03.2026 10:25:33 | Info | Загружаю настройки.
24.03.2026 10:25:33 | Info | Настройки загружены
24.03.2026 10:25:33 | Info | Загружаю настройки.
24.03.2026 10:25:33 | Info | Настройки загружены
24.03.2026 10:25:33 | Info | Загружаю настройки.
24.03.2026 10:25:33 | Info | Настройки загружены
24.03.2026 10:25:33 | Info | Загружаю настройки.
24.03.2026 10:25:33 | Info | Настройки загружены
24.03.2026 10:25:33 | Info | PatDir: C:\d4w\Template\ Pix: http://b2b-demo.n3health.ru/emk/PixService.svc EMK: http://b2b-demo.n3health.ru/emk/EMKService.svc Interval: 3 Time: 10:25:00 AutoUpdate: 0
24.03.2026 10:26:33 | Info | Отправка данных запущена
24.03.2026 10:26:33 | Info | Загружаю настройки.
24.03.2026 10:26:33 | Info | Настройки загружены
24.03.2026 10:26:33 | Info | Загружаю настройки.
24.03.2026 10:26:33 | Info | Настройки загружены
24.03.2026 10:26:33 | Info | Загружаю настройки.
24.03.2026 10:26:33 | Info | Настройки загружены
24.03.2026 10:26:33 | Info | Загружаю настройки.
24.03.2026 10:26:33 | Info | Настройки загружены
24.03.2026 10:26:33 | Info | Загружаю настройки.
24.03.2026 10:26:33 | Info | Настройки загружены
24.03.2026 10:26:33 | Info | Начинаю отправку данных по пациентам...
24.03.2026 10:26:33 | Info | Получаю пациентов и лечение с 21.03.2026 по 21.03.2026
24.03.2026 10:26:33 | Info | Получено 0
24.03.2026 10:26:33 | Info | Записей лечения не найдено.
25.03.2026 10:25:59 | Info | Отправка данных запущена
25.03.2026 10:25:59 | Info | Загружаю настройки.
25.03.2026 10:25:59 | Info | Настройки загружены
25.03.2026 10:25:59 | Info | Загружаю настройки.
25.03.2026 10:25:59 | Info | Настройки загружены
25.03.2026 10:25:59 | Info | Загружаю настройки.
25.03.2026 10:25:59 | Info | Настройки загружены
25.03.2026 10:25:59 | Info | Загружаю настройки.
25.03.2026 10:25:59 | Info | Настройки загружены
25.03.2026 10:25:59 | Info | Загружаю настройки.
25.03.2026 10:25:59 | Info | Настройки загружены
25.03.2026 10:25:59 | Info | Начинаю отправку данных по пациентам...
25.03.2026 10:25:59 | Info | Получаю пациентов и лечение с 22.03.2026 по 22.03.2026
25.03.2026 10:25:59 | Info | Получено 0
25.03.2026 10:25:59 | Info | Записей лечения не найдено.
